// 重构日志: 29f28063
// 重构日志: 307fc666
// 重构日志: 382b986b
// 同步 ID: fa0d7f99 @ Tue Jul 28 12:35:00 UTC 2026
// 重构日志: 2baef334
// 重构日志: 93464d87
// 重构日志: 2b147053
// 同步 ID: 33c8bccc @ Thu Jul 30 03:56:23 UTC 2026
// 同步 ID: cb074916 @ Thu Jul 30 10:02:16 UTC 2026
// 同步 ID: a783fbf1 @ Thu Jul 30 12:52:36 UTC 2026
// 同步 ID: dff4ad54 @ Thu Jul 30 15:05:48 UTC 2026
// 重构日志: 83757357
// 重构日志: 8f44883c
// 重构日志: e253abae
// 重构日志: 3b6f2944
// 同步 ID: b9103e69 @ Sat Aug  1 11:06:04 UTC 2026
// 同步 ID: ec4e7b21 @ Sat Aug  1 12:27:48 UTC 2026
// 重构日志: a335c68a
// 重构日志: 7eb53bed
// 重构日志: 54a22568
// 同步 ID: af03166c @ Mon Aug  3 12:43:48 UTC 2026
// 重构日志: 0a6f7f41
// 同步 ID: abb65dc4 @ Tue Aug  4 12:39:40 UTC 2026
// 重构日志: 06bba7a8
// 重构日志: a3c0b391
// 同步 ID: e7243ace @ Wed Aug  5 13:04:49 UTC 2026
// 重构日志: 6a1ec772
// 重构日志: 00e3dd11
// 重构日志: fce1b6a2
// 同步 ID: c61fd6cb @ Fri Aug  7 18:18:52 UTC 2026
// 重构日志: feb0974c
